2019-01-09T02:41:57+03:00 client2 kernel: xhci_hcd 0000:00:1d.6: Setup ERROR: setup address command for slot 1.
2019-01-09T02:41:57+03:00 client2 kernel: usb 1-1: USB disconnect, device number 5
2019-01-09T02:41:57+03:00 client2 kernel: usblp0: removed
2019-01-09T02:41:57+03:00 client2 kernel: xhci_hcd 0000:00:1d.6: Setup ERROR: setup address command for slot 1.
2019-01-09T02:41:57+03:00 client2 kernel: usb 1-2: USB disconnect, device number 6
2019-01-09T02:41:57+03:00 client2 kernel: usblp1: removed
2019-01-09T02:41:57+03:00 client2 kernel: usb 4-1: device not accepting address 5, error -22
2019-01-09T02:41:57+03:00 client2 kernel: xhci_hcd 0000:00:1d.6: Setup ERROR: setup address command for slot 1.
2019-01-09T02:41:57+03:00 client2 kernel: xhci_hcd 0000:00:1d.6: Setup ERROR: setup address command for slot 1.
2019-01-09T02:41:57+03:00 client2 kernel: usb 4-1: device not accepting address 5, error -22
2019-01-09T02:41:58+03:00 client2 kernel: xhci_hcd 0000:00:1d.6: Setup ERROR: setup address command for slot 1.
2019-01-09T02:41:58+03:00 client2 kernel: xhci_hcd 0000:00:1d.6: Setup ERROR: setup address command for slot 1.
2019-01-09T02:41:58+03:00 client2 kernel: usb 4-1: device not accepting address 5, error -22
2019-01-09T02:41:58+03:00 client2 kernel: xhci_hcd 0000:00:1d.6: Setup ERROR: setup address command for slot 1.
2019-01-09T02:41:58+03:00 client2 kernel: xhci_hcd 0000:00:1d.6: Setup ERROR: setup address command for slot 1.
2019-01-09T02:41:59+03:00 client2 kernel: usb 4-1: device not accepting address 5, error -22
2019-01-09T02:41:59+03:00 client2 kernel: usb 1-1: new high-speed USB device number 7 using ehci-pci
2019-01-09T02:41:59+03:00 client2 kernel: usb 4-1: USB disconnect, device number 5
2019-01-09T02:41:59+03:00 client2 kernel: usb 1-1: New USB device found, idVendor=203a, idProduct=fffa
2019-01-09T02:41:59+03:00 client2 kernel: usb 1-1: New USB device strings: Mfr=1, Product=2, SerialNumber=3
2019-01-09T02:41:59+03:00 client2 kernel: usb 1-1: Product: Virtual Printer (Print to PDF (Mac Desktop))
2019-01-09T02:41:59+03:00 client2 kernel: usb 1-1: Manufacturer: Parallels
2019-01-09T02:41:59+03:00 client2 kernel: usb 1-1: SerialNumber: TAG11d87aca0
2019-01-09T02:41:59+03:00 client2 kernel: usblp 1-1:1.0: usblp0: USB Unidirectional printer dev 7 if 0 alt 0 proto 1 vid 0x203A pid 0xFFFA
2019-01-09T02:41:59+03:00 client2 kernel: usb 4-1: new SuperSpeed USB device number 6 using xhci_hcd
2019-01-09T02:41:59+03:00 client2 kernel: usb 4-1: LPM exit latency is zeroed, disabling LPM.
2019-01-09T02:41:59+03:00 client2 kernel: usb 4-1: New USB device found, idVendor=203a, idProduct=fff9
2019-01-09T02:41:59+03:00 client2 kernel: usb 4-1: New USB device strings: Mfr=1, Product=2, SerialNumber=3
2019-01-09T02:41:59+03:00 client2 kernel: usb 4-1: Product: FaceTime HD Camera
2019-01-09T02:41:59+03:00 client2 kernel: usb 4-1: Manufacturer: Parallels
2019-01-09T02:41:59+03:00 client2 kernel: usb 4-1: SerialNumber: CC244249Z68F6VVD6
2019-01-09T02:41:59+03:00 client2 kernel: uvcvideo: Found UVC 1.00 device FaceTime HD Camera (203a:fff9)
2019-01-09T15:01:42+03:00 client2 kernel: IPv6: eth0: IPv6 duplicate address fe80::d41a:a6de:73c6:70fd detected!
2019-01-09T15:01:44+03:00 client2 kernel: usblp0: removed
2019-01-09T15:01:44+03:00 client2 kernel: usblp 1-1:1.0: usblp0: USB Unidirectional printer dev 7 if 0 alt 0 proto 1 vid 0x203A pid 0xFFFA
2019-01-09T15:01:44+03:00 client2 kernel: usb 1-2: new high-speed USB device number 8 using ehci-pci
2019-01-09T15:01:45+03:00 client2 kernel: usb 1-2: New USB device found, idVendor=203a, idProduct=fffa
2019-01-09T15:01:45+03:00 client2 kernel: usb 1-2: New USB device strings: Mfr=1, Product=2, SerialNumber=3
2019-01-09T15:01:45+03:00 client2 kernel: usb 1-2: Product: Virtual Printer (Canon E510 series)
2019-01-09T15:01:45+03:00 client2 kernel: usb 1-2: Manufacturer: Parallels
2019-01-09T15:01:45+03:00 client2 kernel: usb 1-2: SerialNumber: TAG163742630
2019-01-09T15:01:45+03:00 client2 kernel: usblp 1-2:1.0: usblp1: USB Unidirectional printer dev 8 if 0 alt 0 proto 1 vid 0x203A pid 0xFFFA
2019-01-09T15:01:46+03:00 client2 kernel: IPv6: eth0: IPv6 duplicate address fdb2:2c26:f4e4:0:d5a2:332c:f355:9ca0 detected!
2019-01-09T15:01:46+03:00 client2 kernel: usblp1: removed
2019-01-09T15:01:46+03:00 client2 kernel: usblp 1-2:1.0: usblp1: USB Unidirectional printer dev 8 if 0 alt 0 proto 1 vid 0x203A pid 0xFFFA
2019-01-09T15:01:46+03:00 client2 kernel: usblp0: removed
2019-01-09T15:01:46+03:00 client2 kernel: usblp 1-1:1.0: usblp0: USB Unidirectional printer dev 7 if 0 alt 0 proto 1 vid 0x203A pid 0xFFFA
2019-01-09T15:04:39+03:00 client2 kernel: Initializing cgroup subsys cpuset
2019-01-09T15:04:39+03:00 client2 kernel: Initializing cgroup subsys cpu
2019-01-09T15:04:39+03:00 client2 kernel: Initializing cgroup subsys cpuacct
2019-01-09T15:04:39+03:00 client2 kernel: Linux version 3.10.0-862.11.6.el7.x86_64 (builder@kbuilder.dev.centos.org) (gcc version 4.8.5 20150623 (Red Hat 4.8.5-28) (GCC) ) #1 SMP Tue Aug 14 21:49:04 UTC 2018
2019-01-09T15:04:39+03:00 client2 kernel: Command line: BOOT_IMAGE=/vmlinuz-3.10.0-862.11.6.el7.x86_64 root=/dev/mapper/cl-root ro crashkernel=auto rd.lvm.lv=cl/root rd.lvm.lv=cl/swap rhgb quiet LANG=en_US.UTF-8
2019-01-09T15:04:39+03:00 client2 kernel: Disabled fast string operations
2019-01-09T15:04:39+03:00 client2 kernel: e820: BIOS-provided physical RAM map:
2019-01-09T15:04:39+03:00 client2 kernel: BIOS-e820: [mem 0x0000000000000000-0x000000000009fbff] usable
2019-01-09T15:04:39+03:00 client2 kernel: BIOS-e820: [mem 0x000000000009fc00-0x000000000009ffff] reserved
2019-01-09T15:04:39+03:00 client2 kernel: BIOS-e820: [mem 0x00000000000dc000-0x00000000000fffff] reserved
2019-01-09T15:04:39+03:00 client2 kernel: BIOS-e820: [mem 0x0000000000100000-0x000000007ffebfff] usable
2019-01-09T15:04:39+03:00 client2 kernel: BIOS-e820: [mem 0x000000007ffec000-0x000000007ffedfff] reserved
2019-01-09T15:04:39+03:00 client2 kernel: BIOS-e820: [mem 0x000000007ffee000-0x000000007fffafff] ACPI data
2019-01-09T15:04:39+03:00 client2 kernel: BIOS-e820: [mem 0x000000007fffb000-0x000000007fffffff] ACPI NVS
2019-01-09T15:04:39+03:00 client2 kernel: BIOS-e820: [mem 0x00000000fec00000-0x00000000fec00fff] reserved
2019-01-09T15:04:39+03:00 client2 kernel: BIOS-e820: [mem 0x00000000fed00000-0x00000000fed00fff] reserved
2019-01-09T15:04:39+03:00 client2 kernel: BIOS-e820: [mem 0x00000000fed04000-0x00000000fed04fff] reserved
2019-01-09T15:04:39+03:00 client2 kernel: BIOS-e820: [mem 0x00000000fee00000-0x00000000fee00fff] reserved
2019-01-09T15:04:39+03:00 client2 kernel: BIOS-e820: [mem 0x00000000ffc00000-0x00000000ffffffff] reserved
2019-01-09T15:04:39+03:00 client2 kernel: NX (Execute Disable) protection: active
2019-01-09T15:04:39+03:00 client2 kernel: SMBIOS 2.7 present.
2019-01-09T15:04:39+03:00 client2 kernel: DMI: Parallels Software International Inc. Parallels Virtual Platform/Parallels Virtual Platform, BIOS 14.0.1 (45154) 09/07/2018
2019-01-09T15:04:39+03:00 client2 kernel: Hypervisor detected: KVM
2019-01-09T15:04:39+03:00 client2 kernel: e820: update [mem 0x00000000-0x00000fff] usable ==> reserved
2019-01-09T15:04:39+03:00 client2 kernel: e820: remove [mem 0x000a0000-0x000fffff] usable
2019-01-09T15:04:39+03:00 client2 kernel: e820: last_pfn = 0x7ffec max_arch_pfn = 0x400000000
2019-01-09T15:04:39+03:00 client2 kernel: MTRR default type: write-back
2019-01-09T15:04:39+03:00 client2 kernel: MTRR fixed ranges enabled:
2019-01-09T15:04:39+03:00 client2 kernel:  00000-9FFFF write-back
2019-01-09T15:04:39+03:00 client2 kernel:  A0000-BFFFF uncachable
2019-01-09T15:04:39+03:00 client2 kernel:  C0000-C7FFF write-protect
2019-01-09T15:04:39+03:00 client2 kernel:  C8000-EFFFF uncachable
2019-01-09T15:04:39+03:00 client2 kernel:  F0000-FFFFF write-protect
2019-01-09T15:04:39+03:00 client2 kernel: MTRR variable ranges enabled:
2019-01-09T15:04:39+03:00 client2 kernel:  0 base 000000000 mask F80000000 write-back
2019-01-09T15:04:39+03:00 client2 kernel:  1 disabled
2019-01-09T15:04:39+03:00 client2 kernel:  2 disabled
2019-01-09T15:04:39+03:00 client2 kernel:  3 disabled
2019-01-09T15:04:39+03:00 client2 kernel:  4 disabled
2019-01-09T15:04:39+03:00 client2 kernel:  5 disabled
2019-01-09T15:04:39+03:00 client2 kernel:  6 disabled
2019-01-09T15:04:39+03:00 client2 kernel:  7 disabled
2019-01-09T15:04:39+03:00 client2 kernel: PAT configuration [0-7]: WB  WC  UC- UC  WB  WP  UC- UC  
2019-01-09T15:04:39+03:00 client2 kernel: found SMP MP-table at [mem 0x0009fc30-0x0009fc3f] mapped at [ffffffffff200c30]
2019-01-09T15:04:39+03:00 client2 kernel: Base memory trampoline at [ffff8e2680099000] 99000 size 24576
2019-01-09T15:04:39+03:00 client2 kernel: BRK [0x7962f000, 0x7962ffff] PGTABLE
2019-01-09T15:04:39+03:00 client2 kernel: BRK [0x79630000, 0x79630fff] PGTABLE
2019-01-09T15:04:39+03:00 client2 kernel: BRK [0x79631000, 0x79631fff] PGTABLE
2019-01-09T15:04:39+03:00 client2 kernel: BRK [0x79632000, 0x79632fff] PGTABLE
2019-01-09T15:04:39+03:00 client2 kernel: BRK [0x79633000, 0x79633fff] PGTABLE
2019-01-09T15:04:39+03:00 client2 kernel: BRK [0x79634000, 0x79634fff] PGTABLE
2019-01-09T15:04:39+03:00 client2 kernel: RAMDISK: [mem 0x34527000-0x3628bfff]
2019-01-09T15:04:39+03:00 client2 kernel: Early table checksum verification disabled
2019-01-09T15:04:39+03:00 client2 kernel: ACPI: RSDP 00000000000e0000 00024 (v02 PRLS  )
2019-01-09T15:04:39+03:00 client2 kernel: ACPI: XSDT 000000007fff2980 0004C (v01 PRLS   PRLS_OEM 00000001 INTL 20051216)
2019-01-09T15:04:39+03:00 client2 kernel: ACPI: FACP 000000007ffee0c0 000F4 (v03 PRLS   PRLS_OEM 00000001 INTL 20051216)
2019-01-09T15:04:39+03:00 client2 kernel: ACPI: DSDT 000000007ffee440 044A4 (v02 PRLS   PRLSACPI 00001001 INTL 20051216)
2019-01-09T15:04:39+03:00 client2 kernel: ACPI: FACS 000000007ffee1c0 00040
2019-01-09T15:04:39+03:00 client2 kernel: ACPI: APIC 000000007ffee200 00216 (v01 PRLS   PRLS_OEM 00000001 INTL 20051216)
2019-01-09T15:04:39+03:00 client2 kernel: ACPI: HPET 000000007fff2900 00038 (v00 PRLS   PRLS_OEM 00000001 INTL 20051216)
2019-01-09T15:04:39+03:00 client2 kernel: ACPI: MCFG 000000007fff2940 0003C (v01 PRLS   PRLS_OEM 00000001 INTL 20051216)
2019-01-09T15:04:39+03:00 client2 kernel: ACPI: OEM1 000000007fff2a00 00394 (v01 PRLS   PRLS_OEM 00000001 INTL 20051216)
2019-01-09T15:04:39+03:00 client2 kernel: ACPI: Local APIC address 0xfee00000
2019-01-09T15:04:39+03:00 client2 kernel: No NUMA configuration found
2019-01-09T15:04:39+03:00 client2 kernel: Faking a node at [mem 0x0000000000000000-0x000000007ffebfff]
2019-01-09T15:04:39+03:00 client2 kernel: NODE_DATA(0) allocated [mem 0x7ffc5000-0x7ffebfff]
2019-01-09T15:04:39+03:00 client2 kernel: Reserving 161MB of memory at 672MB for crashkernel (System RAM: 2047MB)
2019-01-09T15:04:39+03:00 client2 kernel: kvm-clock: Using msrs 4b564d01 and 4b564d00
2019-01-09T15:04:39+03:00 client2 kernel: kvm-clock: cpu 0, msr 0:7ff75001, primary cpu clock
2019-01-09T15:04:39+03:00 client2 kernel: kvm-clock: using sched offset of 5845355997 cycles
2019-01-09T15:04:39+03:00 client2 kernel: Zone ranges:
2019-01-09T15:04:39+03:00 client2 kernel:  DMA      [mem 0x00001000-0x00ffffff]
2019-01-09T15:04:39+03:00 client2 kernel:  DMA32    [mem 0x01000000-0xffffffff]
2019-01-09T15:04:39+03:00 client2 kernel:  Normal   empty
2019-01-09T15:04:39+03:00 client2 kernel: Movable zone start for each node
2019-01-09T15:04:39+03:00 client2 kernel: Early memory node ranges
2019-01-09T15:04:39+03:00 client2 kernel:  node   0: [mem 0x00001000-0x0009efff]
2019-01-09T15:04:39+03:00 client2 kernel:  node   0: [mem 0x00100000-0x7ffebfff]
2019-01-09T15:04:39+03:00 client2 kernel: Initmem setup node 0 [mem 0x00001000-0x7ffebfff]
2019-01-09T15:04:39+03:00 client2 kernel: On node 0 totalpages: 524170
2019-01-09T15:04:39+03:00 client2 kernel:  DMA zone: 64 pages used for memmap
2019-01-09T15:04:39+03:00 client2 kernel:  DMA zone: 21 pages reserved
2019-01-09T15:04:39+03:00 client2 kernel:  DMA zone: 3998 pages, LIFO batch:0
2019-01-09T15:04:39+03:00 client2 kernel:  DMA32 zone: 8128 pages used for memmap
2019-01-09T15:04:39+03:00 client2 kernel:  DMA32 zone: 520172 pages, LIFO batch:31
2019-01-09T15:04:39+03:00 client2 kernel: ACPI: PM-Timer IO Port: 0x4008
2019-01-09T15:04:39+03:00 client2 kernel: ACPI: Local APIC address 0xfee00000
2019-01-09T15:04:39+03:00 client2 kernel: ACPI: LAPIC (acpi_id[0x00] lapic_id[0x00] enabled)
2019-01-09T15:04:39+03:00 client2 kernel: ACPI: LAPIC (acpi_id[0x01] lapic_id[0x01] enabled)
2019-01-09T15:04:39+03:00 client2 kernel: ACPI: LAPIC (acpi_id[0x02] lapic_id[0x02] disabled)
2019-01-09T15:04:39+03:00 client2 kernel: ACPI: LAPIC (acpi_id[0x03] lapic_id[0x03] disabled)
2019-01-09T15:04:39+03:00 client2 kernel: ACPI: LAPIC (acpi_id[0x04] lapic_id[0x04] disabled)
2019-01-09T15:04:39+03:00 client2 kernel: ACPI: LAPIC (acpi_id[0x05] lapic_id[0x05] disabled)
2019-01-09T15:04:39+03:00 client2 kernel: ACPI: LAPIC (acpi_id[0x06] lapic_id[0x06] disabled)
2019-01-09T15:04:39+03:00 client2 kernel: ACPI: LAPIC (acpi_id[0x07] lapic_id[0x07] disabled)
2019-01-09T15:04:39+03:00 client2 kernel: ACPI: LAPIC (acpi_id[0x08] lapic_id[0x08] disabled)
2019-01-09T15:04:39+03:00 client2 kernel: ACPI: LAPIC (acpi_id[0x09] lapic_id[0x09] disabled)
2019-01-09T15:04:39+03:00 client2 kernel: ACPI: LAPIC (acpi_id[0x0a] lapic_id[0x0a] disabled)
2019-01-09T15:04:39+03:00 client2 kernel: ACPI: LAPIC (acpi_id[0x0b] lapic_id[0x0b] disabled)
2019-01-09T15:04:39+03:00 client2 kernel: ACPI: LAPIC (acpi_id[0x0c] lapic_id[0x0c] disabled)
2019-01-09T15:04:39+03:00 client2 kernel: ACPI: LAPIC (acpi_id[0x0d] lapic_id[0x0d] disabled)
2019-01-09T15:04:39+03:00 client2 kernel: ACPI: LAPIC (acpi_id[0x0e] lapic_id[0x0e] disabled)
2019-01-09T15:04:39+03:00 client2 kernel: ACPI: LAPIC (acpi_id[0x0f] lapic_id[0x0f] disabled)
2019-01-09T15:04:39+03:00 client2 kernel: ACPI: LAPIC (acpi_id[0x10] lapic_id[0x10] disabled)
2019-01-09T15:04:39+03:00 client2 kernel: ACPI: LAPIC (acpi_id[0x11] lapic_id[0x11] disabled)
2019-01-09T15:04:39+03:00 client2 kernel: ACPI: LAPIC (acpi_id[0x12] lapic_id[0x12] disabled)
2019-01-09T15:04:39+03:00 client2 kernel: ACPI: LAPIC (acpi_id[0x13] lapic_id[0x13] disabled)
2019-01-09T15:04:39+03:00 client2 kernel: ACPI: LAPIC (acpi_id[0x14] lapic_id[0x14] disabled)
2019-01-09T15:04:39+03:00 client2 kernel: ACPI: LAPIC (acpi_id[0x15] lapic_id[0x15] disabled)
2019-01-09T15:04:39+03:00 client2 kernel: ACPI: LAPIC (acpi_id[0x16] lapic_id[0x16] disabled)
2019-01-09T15:04:39+03:00 client2 kernel: ACPI: LAPIC (acpi_id[0x17] lapic_id[0x17] disabled)
2019-01-09T15:04:39+03:00 client2 kernel: ACPI: LAPIC (acpi_id[0x18] lapic_id[0x18] disabled)
2019-01-09T15:04:39+03:00 client2 kernel: ACPI: LAPIC (acpi_id[0x19] lapic_id[0x19] disabled)
2019-01-09T15:04:39+03:00 client2 kernel: ACPI: LAPIC (acpi_id[0x1a] lapic_id[0x1a] disabled)
2019-01-09T15:04:39+03:00 client2 kernel: ACPI: LAPIC (acpi_id[0x1b] lapic_id[0x1b] disabled)
2019-01-09T15:04:39+03:00 client2 kernel: ACPI: LAPIC (acpi_id[0x1c] lapic_id[0x1c] disabled)
2019-01-09T15:04:39+03:00 client2 kernel: ACPI: LAPIC (acpi_id[0x1d] lapic_id[0x1d] disabled)
2019-01-09T15:04:39+03:00 client2 kernel: ACPI: LAPIC (acpi_id[0x1e] lapic_id[0x1e] disabled)
2019-01-09T15:04:39+03:00 client2 kernel: ACPI: LAPIC (acpi_id[0x1f] lapic_id[0x1f] disabled)
2019-01-09T15:04:39+03:00 client2 kernel: ACPI: LAPIC_NMI (acpi_id[0x00] high edge lint[0x1])
2019-01-09T15:04:39+03:00 client2 kernel: ACPI: LAPIC_NMI (acpi_id[0x01] high edge lint[0x1])
2019-01-09T15:04:39+03:00 client2 kernel: ACPI: LAPIC_NMI (acpi_id[0x02] high edge lint[0x1])
2019-01-09T15:04:39+03:00 client2 kernel: ACPI: LAPIC_NMI (acpi_id[0x03] high edge lint[0x1])
2019-01-09T15:04:39+03:00 client2 kernel: ACPI: LAPIC_NMI (acpi_id[0x04] high edge lint[0x1])
2019-01-09T15:04:39+03:00 client2 kernel: ACPI: LAPIC_NMI (acpi_id[0x05] high edge lint[0x1])
2019-01-09T15:04:39+03:00 client2 kernel: ACPI: LAPIC_NMI (acpi_id[0x06] high edge lint[0x1])
2019-01-09T15:04:39+03:00 client2 kernel: ACPI: LAPIC_NMI (acpi_id[0x07] high edge lint[0x1])
2019-01-09T15:04:39+03:00 client2 kernel: ACPI: LAPIC_NMI (acpi_id[0x08] high edge lint[0x1])
2019-01-09T15:04:39+03:00 client2 kernel: ACPI: LAPIC_NMI (acpi_id[0x09] high edge lint[0x1])
2019-01-09T15:04:39+03:00 client2 kernel: ACPI: LAPIC_NMI (acpi_id[0x0a] high edge lint[0x1])
2019-01-09T15:04:39+03:00 client2 kernel: ACPI: LAPIC_NMI (acpi_id[0x0b] high edge lint[0x1])
2019-01-09T15:04:39+03:00 client2 kernel: ACPI: LAPIC_NMI (acpi_id[0x0c] high edge lint[0x1])
2019-01-09T15:04:39+03:00 client2 kernel: ACPI: LAPIC_NMI (acpi_id[0x0d] high edge lint[0x1])
2019-01-09T15:04:39+03:00 client2 kernel: ACPI: LAPIC_NMI (acpi_id[0x0e] high edge lint[0x1])
2019-01-09T15:04:39+03:00 client2 kernel: ACPI: LAPIC_NMI (acpi_id[0x0f] high edge lint[0x1])
2019-01-09T15:04:39+03:00 client2 kernel: ACPI: LAPIC_NMI (acpi_id[0x10] high edge lint[0x1])
2019-01-09T15:04:39+03:00 client2 kernel: ACPI: LAPIC_NMI (acpi_id[0x11] high edge lint[0x1])
2019-01-09T15:04:39+03:00 client2 kernel: ACPI: LAPIC_NMI (acpi_id[0x12] high edge lint[0x1])
2019-01-09T15:04:39+03:00 client2 kernel: ACPI: LAPIC_NMI (acpi_id[0x13] high edge lint[0x1])
2019-01-09T15:04:39+03:00 client2 kernel: ACPI: LAPIC_NMI (acpi_id[0x14] high edge lint[0x1])
2019-01-09T15:04:39+03:00 client2 kernel: ACPI: LAPIC_NMI (acpi_id[0x15] high edge lint[0x1])
2019-01-09T15:04:39+03:00 client2 kernel: ACPI: LAPIC_NMI (acpi_id[0x16] high edge lint[0x1])
2019-01-09T15:04:39+03:00 client2 kernel: ACPI: LAPIC_NMI (acpi_id[0x17] high edge lint[0x1])
2019-01-09T15:04:39+03:00 client2 kernel: ACPI: LAPIC_NMI (acpi_id[0x18] high edge lint[0x1])
2019-01-09T15:04:39+03:00 client2 kernel: ACPI: LAPIC_NMI (acpi_id[0x19] high edge lint[0x1])
2019-01-09T15:04:39+03:00 client2 kernel: ACPI: LAPIC_NMI (acpi_id[0x1a] high edge lint[0x1])
2019-01-09T15:04:39+03:00 client2 kernel: ACPI: LAPIC_NMI (acpi_id[0x1b] high edge lint[0x1])
2019-01-09T15:04:39+03:00 client2 kernel: ACPI: LAPIC_NMI (acpi_id[0x1c] high edge lint[0x1])
2019-01-09T15:04:39+03:00 client2 kernel: ACPI: LAPIC_NMI (acpi_id[0x1d] high edge lint[0x1])
2019-01-09T15:04:39+03:00 client2 kernel: ACPI: LAPIC_NMI (acpi_id[0x1e] high edge lint[0x1])
2019-01-09T15:04:39+03:00 client2 kernel: ACPI: LAPIC_NMI (acpi_id[0x1f] high edge lint[0x1])
2019-01-09T15:04:39+03:00 client2 kernel: ACPI: IOAPIC (id[0x00] address[0xfec00000] gsi_base[0])
2019-01-09T15:04:39+03:00 client2 kernel: IOAPIC[0]: apic_id 0, version 2, address 0xfec00000, GSI 0-23
2019-01-09T15:04:39+03:00 client2 kernel: ACPI: INT_SRC_OVR (bus 0 bus_irq 0 global_irq 2 dfl dfl)
2019-01-09T15:04:39+03:00 client2 kernel: ACPI: INT_SRC_OVR (bus 0 bus_irq 14 global_irq 14 dfl edge)
2019-01-09T15:04:39+03:00 client2 kernel: ACPI: INT_SRC_OVR (bus 0 bus_irq 15 global_irq 15 dfl edge)
2019-01-09T15:04:39+03:00 client2 kernel: ACPI: IRQ0 used by override.
2019-01-09T15:04:39+03:00 client2 kernel: ACPI: IRQ9 used by override.
2019-01-09T15:04:39+03:00 client2 kernel: ACPI: IRQ14 used by override.
2019-01-09T15:04:39+03:00 client2 kernel: ACPI: IRQ15 used by override.
2019-01-09T15:04:39+03:00 client2 kernel: Using ACPI (MADT) for SMP configuration information
2019-01-09T15:04:39+03:00 client2 kernel: ACPI: HPET id: 0x8086a701 base: 0xfed00000
2019-01-09T15:04:39+03:00 client2 kernel: smpboot: Allowing 32 CPUs, 30 hotplug CPUs
2019-01-09T15:04:39+03:00 client2 kernel: PM: Registered nosave memory: [mem 0x0009f000-0x0009ffff]
2019-01-09T15:04:39+03:00 client2 kernel: PM: Registered nosave memory: [mem 0x000a0000-0x000dbfff]
2019-01-09T15:04:39+03:00 client2 kernel: PM: Registered nosave memory: [mem 0x000dc000-0x000fffff]
2019-01-09T15:04:39+03:00 client2 kernel: e820: [mem 0x80000000-0xfebfffff] available for PCI devices
2019-01-09T15:04:39+03:00 client2 kernel: Booting paravirtualized kernel on KVM
2019-01-09T15:04:39+03:00 client2 kernel: setup_percpu: NR_CPUS:5120 nr_cpumask_bits:32 nr_cpu_ids:32 nr_node_ids:1
2019-01-09T15:04:39+03:00 client2 kernel: PERCPU: Embedded 35 pages/cpu @ffff8e26fce00000 s104920 r8192 d30248 u262144
2019-01-09T15:04:39+03:00 client2 kernel: pcpu-alloc: s104920 r8192 d30248 u262144 alloc=1*2097152
2019-01-09T15:04:39+03:00 client2 kernel: pcpu-alloc: [0] 00 01 02 03 04 05 06 07 [0] 08 09 10 11 12 13 14 15 
2019-01-09T15:04:39+03:00 client2 kernel: pcpu-alloc: [0] 16 17 18 19 20 21 22 23 [0] 24 25 26 27 28 29 30 31 
2019-01-09T15:04:39+03:00 client2 kernel: Built 1 zonelists in Node order, mobility grouping on.  Total pages: 515957
2019-01-09T15:04:39+03:00 client2 kernel: Policy zone: DMA32
2019-01-09T15:04:39+03:00 client2 kernel: Kernel command line: BOOT_IMAGE=/vmlinuz-3.10.0-862.11.6.el7.x86_64 root=/dev/mapper/cl-root ro crashkernel=auto rd.lvm.lv=cl/root rd.lvm.lv=cl/swap rhgb quiet LANG=en_US.UTF-8
2019-01-09T15:04:39+03:00 client2 kernel: PID hash table entries: 4096 (order: 3, 32768 bytes)
2019-01-09T15:04:39+03:00 client2 kernel: x86/fpu: xstate_offset[2]: 0240, xstate_sizes[2]: 0100
2019-01-09T15:04:39+03:00 client2 kernel: xsave: enabled xstate_bv 0x7, cntxt size 0x340 using standard form
2019-01-09T15:04:39+03:00 client2 kernel: Memory: 1844980k/2097072k available (7348k kernel code, 392k absent, 251700k reserved, 6281k data, 1836k init)
2019-01-09T15:04:39+03:00 client2 kernel: SLUB: HWalign=64, Order=0-3, MinObjects=0, CPUs=32, Nodes=1
2019-01-09T15:04:39+03:00 client2 kernel: x86/pti: Unmapping kernel while in userspace
2019-01-09T15:04:39+03:00 client2 kernel: Hierarchical RCU implementation.
2019-01-09T15:04:39+03:00 client2 kernel: #011RCU restricting CPUs from NR_CPUS=5120 to nr_cpu_ids=32.
2019-01-09T15:04:39+03:00 client2 kernel: NR_IRQS:327936 nr_irqs:680 0
2019-01-09T15:04:39+03:00 client2 kernel: Console: colour VGA+ 80x25
2019-01-09T15:04:39+03:00 client2 kernel: console [tty0] enabled
2019-01-09T15:04:39+03:00 client2 kernel: allocated 8388608 bytes of page_cgroup
2019-01-09T15:04:39+03:00 client2 kernel: please try 'cgroup_disable=memory' option if you don't want memory cgroups
2019-01-09T15:04:39+03:00 client2 kernel: hpet clockevent registered
2019-01-09T15:04:39+03:00 client2 kernel: tsc: Detected 2600.000 MHz processor
2019-01-09T15:04:39+03:00 client2 kernel: Calibrating delay loop (skipped) preset value.. 5200.00 BogoMIPS (lpj=2600000)
2019-01-09T15:04:39+03:00 client2 kernel: pid_max: default: 32768 minimum: 301
2019-01-09T15:04:39+03:00 client2 kernel: Security Framework initialized
2019-01-09T15:04:39+03:00 client2 kernel: SELinux:  Initializing.
2019-01-09T15:04:39+03:00 client2 kernel: SELinux:  Starting in permissive mode
2019-01-09T15:04:39+03:00 client2 kernel: Yama: becoming mindful.
2019-01-09T15:04:39+03:00 client2 kernel: Dentry cache hash table entries: 262144 (order: 9, 2097152 bytes)
2019-01-09T15:04:39+03:00 client2 kernel: Inode-cache hash table entries: 131072 (order: 8, 1048576 bytes)
2019-01-09T15:04:39+03:00 client2 kernel: Mount-cache hash table entries: 4096 (order: 3, 32768 bytes)
2019-01-09T15:04:39+03:00 client2 kernel: Mountpoint-cache hash table entries: 4096 (order: 3, 32768 bytes)
2019-01-09T15:04:39+03:00 client2 kernel: Initializing cgroup subsys memory
2019-01-09T15:04:39+03:00 client2 kernel: Initializing cgroup subsys devices
2019-01-09T15:04:39+03:00 client2 kernel: Initializing cgroup subsys freezer
2019-01-09T15:04:39+03:00 client2 kernel: Initializing cgroup subsys net_cls
2019-01-09T15:04:39+03:00 client2 kernel: Initializing cgroup subsys blkio
2019-01-09T15:04:39+03:00 client2 kernel: Initializing cgroup subsys perf_event
2019-01-09T15:04:39+03:00 client2 kernel: Initializing cgroup subsys hugetlb
2019-01-09T15:04:39+03:00 client2 kernel: Initializing cgroup subsys pids
2019-01-09T15:04:39+03:00 client2 kernel: Initializing cgroup subsys net_prio
2019-01-09T15:04:39+03:00 client2 kernel: Disabled fast string operations
2019-01-09T15:04:39+03:00 client2 kernel: mce: CPU supports 0 MCE banks
2019-01-09T15:04:39+03:00 client2 kernel: Last level iTLB entries: 4KB 0, 2MB 0, 4MB 0
2019-01-09T15:04:39+03:00 client2 kernel: Last level dTLB entries: 4KB 64, 2MB 0, 4MB 0
2019-01-09T15:04:39+03:00 client2 kernel: tlb_flushall_shift: 6
2019-01-09T15:04:39+03:00 client2 kernel: Speculative Store Bypass: Vulnerable
2019-01-09T15:04:39+03:00 client2 kernel: FEATURE SPEC_CTRL Not Present
2019-01-09T15:04:39+03:00 client2 kernel: FEATURE IBPB_SUPPORT Not Present
2019-01-09T15:04:39+03:00 client2 kernel: Spectre V2 : Vulnerable: Retpoline without IBPB
2019-01-09T15:04:39+03:00 client2 kernel: Freeing SMP alternatives: 24k freed
2019-01-09T15:04:39+03:00 client2 kernel: ACPI: Core revision 20130517
2019-01-09T15:04:39+03:00 client2 kernel: ACPI: All ACPI Tables successfully acquired
2019-01-09T15:04:39+03:00 client2 kernel: ftrace: allocating 28097 entries in 110 pages
2019-01-09T15:04:39+03:00 client2 kernel: Enabling x2apic
2019-01-09T15:04:39+03:00 client2 kernel: Enabled x2apic
2019-01-09T15:04:39+03:00 client2 kernel: Switched APIC routing to physical x2apic.
2019-01-09T15:04:39+03:00 client2 kernel: ..TIMER: vector=0x30 apic1=0 pin1=2 apic2=-1 pin2=-1
2019-01-09T15:04:39+03:00 client2 kernel: smpboot: CPU0: Intel(R) Core(TM) i5-4278U CPU @ 2.60GHz (fam: 06, model: 45, stepping: 01)
2019-01-09T15:04:39+03:00 client2 kernel: TSC deadline timer enabled
2019-01-09T15:04:39+03:00 client2 kernel: Performance Events: unsupported p6 CPU model 69 no PMU driver, software events only.
2019-01-09T15:04:39+03:00 client2 kernel: kvm-clock: cpu 1, msr 0:7ff75041, secondary cpu clock
2019-01-09T15:04:39+03:00 client2 kernel: Disabled fast string operations
2019-01-09T15:04:39+03:00 client2 kernel: mce: CPU supports 0 MCE banks
2019-01-09T15:04:39+03:00 client2 kernel: smpboot: Booting Node   0, Processors  #1
2019-01-09T15:04:39+03:00 client2 kernel: Brought up 2 CPUs
2019-01-09T15:04:39+03:00 client2 kernel: smpboot: Max logical packages: 16
2019-01-09T15:04:39+03:00 client2 kernel: smpboot: Total of 2 processors activated (10400.00 BogoMIPS)
2019-01-09T15:04:39+03:00 client2 kernel: devtmpfs: initialized
2019-01-09T15:04:39+03:00 client2 kernel: EVM: security.selinux
2019-01-09T15:04:39+03:00 client2 kernel: EVM: security.ima
2019-01-09T15:04:39+03:00 client2 kernel: EVM: security.capability
2019-01-09T15:04:39+03:00 client2 kernel: PM: Registering ACPI NVS region [mem 0x7fffb000-0x7fffffff] (20480 bytes)
2019-01-09T15:04:39+03:00 client2 kernel: atomic64 test passed for x86-64 platform with CX8 and with SSE
2019-01-09T15:04:39+03:00 client2 kernel: pinctrl core: initialized pinctrl subsystem
2019-01-09T15:04:39+03:00 client2 kernel: RTC time: 12:04:38, date: 01/09/19
2019-01-09T15:04:39+03:00 client2 kernel: NET: Registered protocol family 16
2019-01-09T15:04:39+03:00 client2 kernel: ACPI: bus type PCI registered
2019-01-09T15:04:39+03:00 client2 kernel: acpiphp: ACPI Hot Plug PCI Controller Driver version: 0.5
2019-01-09T15:04:39+03:00 client2 kernel: PCI: MMCONFIG for domain 0000 [bus 00-0f] at [mem 0xfc000000-0xfcffffff] (base 0xfc000000)
2019-01-09T15:04:39+03:00 client2 kernel: PCI: not using MMCONFIG
2019-01-09T15:04:39+03:00 client2 kernel: PCI: Using configuration type 1 for base access
2019-01-09T15:04:39+03:00 client2 kernel: ACPI: Added _OSI(Module Device)
2019-01-09T15:04:39+03:00 client2 kernel: ACPI: Added _OSI(Processor Device)
2019-01-09T15:04:39+03:00 client2 kernel: ACPI: Added _OSI(3.0 _SCP Extensions)
2019-01-09T15:04:39+03:00 client2 kernel: ACPI: Added _OSI(Processor Aggregator Device)
2019-01-09T15:04:39+03:00 client2 kernel: ACPI: Added _OSI(Linux-Dell-Video)
2019-01-09T15:04:39+03:00 client2 kernel: ACPI: EC: Look up EC in DSDT
2019-01-09T15:04:39+03:00 client2 kernel: ACPI: Executed 1 blocks of module-level executable AML code
2019-01-09T15:04:39+03:00 client2 kernel: \_SB_:_OSC invalid UUID
2019-01-09T15:04:39+03:00 client2 kernel: _OSC request data:1 101f 
2019-01-09T15:04:39+03:00 client2 kernel: ACPI: Interpreter enabled
2019-01-09T15:04:39+03:00 client2 kernel: ACPI: (supports S0 S3 S4 S5)
2019-01-09T15:04:39+03:00 client2 kernel: ACPI: Using IOAPIC for interrupt routing
2019-01-09T15:04:39+03:00 client2 kernel: PCI: MMCONFIG for domain 0000 [bus 00-0f] at [mem 0xfc000000-0xfcffffff] (base 0xfc000000)
2019-01-09T15:04:39+03:00 client2 kernel: PCI: MMCONFIG at [mem 0xfc000000-0xfcffffff] reserved in ACPI motherboard resources
2019-01-09T15:04:39+03:00 client2 kernel: PCI: Using host bridge windows from ACPI; if necessary, use "pci=nocrs" and report a bug
2019-01-09T15:04:39+03:00 client2 kernel: ACPI: Enabled 3 GPEs in block 00 to 0F
2019-01-09T15:04:39+03:00 client2 kernel: ACPI: PCI Root Bridge [PCI0] (domain 0000 [bus 00-7f])
2019-01-09T15:04:39+03:00 client2 kernel: acpi PNP0A08:00: _OSC: OS supports [ExtendedConfig ASPM ClockPM Segments MSI]
2019-01-09T15:04:39+03:00 client2 kernel: acpi PNP0A08:00: _OSC failed (AE_NOT_FOUND); disabling ASPM
2019-01-09T15:04:39+03:00 client2 kernel: acpi PNP0A08:00: ignoring host bridge window [mem 0x000d0000-0x000dffff window] (conflicts with reserved [mem 0x000dc000-0x000fffff])
2019-01-09T15:04:39+03:00 client2 kernel: acpi PNP0A08:00: [Firmware Info]: MMCONFIG for domain 0000 [bus 00-0f] only partially covers this bridge
2019-01-09T15:04:39+03:00 client2 kernel: PCI host bridge to bus 0000:00
2019-01-09T15:04:39+03:00 client2 kernel: pci_bus 0000:00: root bus resource [bus 00-7f]
2019-01-09T15:04:39+03:00 client2 kernel: pci_bus 0000:00: root bus resource [io  0x0000-0x0cf7 window]
2019-01-09T15:04:39+03:00 client2 kernel: pci_bus 0000:00: root bus resource [io  0x0d00-0xffff window]
2019-01-09T15:04:39+03:00 client2 kernel: pci_bus 0000:00: root bus resource [mem 0x000a0000-0x000bffff window]
2019-01-09T15:04:39+03:00 client2 kernel: pci_bus 0000:00: root bus resource [mem 0x000c0000-0x000cffff window]
2019-01-09T15:04:39+03:00 client2 kernel: pci_bus 0000:00: root bus resource [mem 0xb0000000-0xfebfffff window]
2019-01-09T15:04:39+03:00 client2 kernel: pci 0000:00:00.0: [8086:29a0] type 00 class 0x060000
2019-01-09T15:04:39+03:00 client2 kernel: pci 0000:00:01.0: [8086:2981] type 01 class 0x060401
2019-01-09T15:04:39+03:00 client2 kernel: pci 0000:00:01.0: PME# supported from D0 D3hot D3cold
2019-01-09T15:04:39+03:00 client2 kernel: pci 0000:00:03.0: [1ab8:4000] type 00 class 0xff0000
2019-01-09T15:04:39+03:00 client2 kernel: pci 0000:00:03.0: reg 0x10: [io  0x8000-0x801f]
2019-01-09T15:04:39+03:00 client2 kernel: pci 0000:00:05.0: [1af4:1000] type 00 class 0x020000
2019-01-09T15:04:39+03:00 client2 kernel: pci 0000:00:05.0: reg 0x10: [io  0x8200-0x823f]
2019-01-09T15:04:39+03:00 client2 kernel: pci 0000:00:05.0: reg 0x14: [mem 0xee000000-0xee000fff]
2019-01-09T15:04:39+03:00 client2 kernel: pci 0000:00:0a.0: [1011:0022] type 01 class 0x060400
2019-01-09T15:04:39+03:00 client2 kernel: pci 0000:00:0e.0: [1af4:1002] type 00 class 0x050000
2019-01-09T15:04:39+03:00 client2 kernel: pci 0000:00:0e.0: reg 0x10: [io  0xb000-0xb01f]
2019-01-09T15:04:39+03:00 client2 kernel: pci 0000:00:1d.0: [8086:2658] type 00 class 0x0c0300
2019-01-09T15:04:39+03:00 client2 kernel: pci 0000:00:1d.0: reg 0x20: [io  0xb200-0xb21f]
2019-01-09T15:04:39+03:00 client2 kernel: pci 0000:00:1d.6: [1033:0194] type 00 class 0x0c0330
2019-01-09T15:04:39+03:00 client2 kernel: pci 0000:00:1d.6: reg 0x10: [mem 0xef100000-0xef100fff]
2019-01-09T15:04:39+03:00 client2 kernel: pci 0000:00:1d.7: [8086:265c] type 00 class 0x0c0320
2019-01-09T15:04:39+03:00 client2 kernel: pci 0000:00:1d.7: reg 0x10: [mem 0xef140000-0xef1403ff]
2019-01-09T15:04:39+03:00 client2 kernel: pci 0000:00:1e.0: [8086:244e] type 01 class 0x060400
2019-01-09T15:04:39+03:00 client2 kernel: pci 0000:00:1f.0: [8086:2810] type 00 class 0x060100
2019-01-09T15:04:39+03:00 client2 kernel: pci 0000:00:1f.0: can't claim BAR 13 [io  0x4000-0x407f]: address conflict with ACPI CPU throttle [io  0x4010-0x4015]
2019-01-09T15:04:39+03:00 client2 kernel: pci 0000:00:1f.1: [8086:244b] type 00 class 0x010180
2019-01-09T15:04:39+03:00 client2 kernel: pci 0000:00:1f.1: reg 0x20: [io  0xe000-0xe00f]
2019-01-09T15:04:39+03:00 client2 kernel: pci 0000:00:1f.1: legacy IDE quirk: reg 0x10: [io  0x01f0-0x01f7]
2019-01-09T15:04:39+03:00 client2 kernel: pci 0000:00:1f.1: legacy IDE quirk: reg 0x14: [io  0x03f6]
2019-01-09T15:04:39+03:00 client2 kernel: pci 0000:00:1f.1: legacy IDE quirk: reg 0x18: [io  0x0170-0x0177]
2019-01-09T15:04:39+03:00 client2 kernel: pci 0000:00:1f.1: legacy IDE quirk: reg 0x1c: [io  0x0376]
2019-01-09T15:04:39+03:00 client2 kernel: pci 0000:00:1f.2: [8086:2821] type 00 class 0x010601
2019-01-09T15:04:39+03:00 client2 kernel: pci 0000:00:1f.2: reg 0x10: [io  0xe200-0xe207]
2019-01-09T15:04:39+03:00 client2 kernel: pci 0000:00:1f.2: reg 0x14: [io  0xe400-0xe403]
2019-01-09T15:04:39+03:00 client2 kernel: pci 0000:00:1f.2: reg 0x18: [io  0xe600-0xe607]
2019-01-09T15:04:39+03:00 client2 kernel: pci 0000:00:1f.2: reg 0x1c: [io  0xe800-0xe803]
2019-01-09T15:04:39+03:00 client2 kernel: pci 0000:00:1f.2: reg 0x20: [io  0xea00-0xea0f]
2019-01-09T15:04:39+03:00 client2 kernel: pci 0000:00:1f.2: reg 0x24: [mem 0xf0200000-0xf0201fff]
2019-01-09T15:04:39+03:00 client2 kernel: pci 0000:00:1f.2: PME# supported from D3hot
2019-01-09T15:04:39+03:00 client2 kernel: pci 0000:00:1f.3: [8086:283e] type 00 class 0x0c0500
2019-01-09T15:04:39+03:00 client2 kernel: pci 0000:00:1f.3: reg 0x10: [mem 0xf0240000-0xf0240fff]
2019-01-09T15:04:39+03:00 client2 kernel: pci 0000:00:1f.3: reg 0x20: [io  0xec00-0xec1f]
2019-01-09T15:04:39+03:00 client2 kernel: pci 0000:00:1f.4: [8086:2445] type 00 class 0x040100
2019-01-09T15:04:39+03:00 client2 kernel: pci 0000:00:1f.4: reg 0x10: [io  0xee00-0xeeff]
2019-01-09T15:04:39+03:00 client2 kernel: pci 0000:00:1f.4: reg 0x14: [io  0xf000-0xf0ff]
2019-01-09T15:04:39+03:00 client2 kernel: pci 0000:01:00.0: [1ab8:4005] type 00 class 0x030000
2019-01-09T15:04:39+03:00 client2 kernel: pci 0000:01:00.0: reg 0x10: [io  0x6000-0x601f]
2019-01-09T15:04:39+03:00 client2 kernel: pci 0000:01:00.0: reg 0x14: [mem 0xb0000000-0xb3ffffff pref]
2019-01-09T15:04:39+03:00 client2 kernel: pci 0000:01:00.0: reg 0x30: [mem 0xe2000000-0xe200ffff pref]
2019-01-09T15:04:39+03:00 client2 kernel: pci 0000:00:01.0: PCI bridge to [bus 01] (subtractive decode)
2019-01-09T15:04:39+03:00 client2 kernel: pci 0000:00:01.0:   bridge window [io  0x6000-0x7fff]
2019-01-09T15:04:39+03:00 client2 kernel: pci 0000:00:01.0:   bridge window [mem 0xe2000000-0xedffffff]
2019-01-09T15:04:39+03:00 client2 kernel: pci 0000:00:01.0:   bridge window [mem 0xb0000000-0xdfffffff 64bit pref]
2019-01-09T15:04:39+03:00 client2 kernel: pci 0000:00:01.0:   bridge window [io  0x0000-0x0cf7 window] (subtractive decode)
2019-01-09T15:04:39+03:00 client2 kernel: pci 0000:00:01.0:   bridge window [io  0x0d00-0xffff window] (subtractive decode)
2019-01-09T15:04:39+03:00 client2 kernel: pci 0000:00:01.0:   bridge window [mem 0x000a0000-0x000bffff window] (subtractive decode)
2019-01-09T15:04:39+03:00 client2 kernel: pci 0000:00:01.0:   bridge window [mem 0x000c0000-0x000cffff window] (subtractive decode)
2019-01-09T15:04:39+03:00 client2 kernel: pci 0000:00:01.0:   bridge window [mem 0xb0000000-0xfebfffff window] (subtractive decode)
2019-01-09T15:04:39+03:00 client2 kernel: pci 0000:00:0a.0: PCI bridge to [bus 02]
2019-01-09T15:04:39+03:00 client2 kernel: pci 0000:00:0a.0:   bridge window [io  0x9000-0xafff]
2019-01-09T15:04:39+03:00 client2 kernel: pci 0000:00:0a.0:   bridge window [mem 0xee100000-0xef0fffff]
2019-01-09T15:04:39+03:00 client2 kernel: pci 0000:00:0a.0:   bridge window [mem 0xe0000000-0xe0ffffff pref]
2019-01-09T15:04:39+03:00 client2 kernel: pci 0000:00:1e.0: PCI bridge to [bus 03] (subtractive decode)
2019-01-09T15:04:39+03:00 client2 kernel: pci 0000:00:1e.0:   bridge window [io  0xc000-0xdfff]
2019-01-09T15:04:39+03:00 client2 kernel: pci 0000:00:1e.0:   bridge window [mem 0xef200000-0xf01fffff]
2019-01-09T15:04:39+03:00 client2 kernel: pci 0000:00:1e.0:   bridge window [mem 0xe1000000-0xe1ffffff 64bit pref]
2019-01-09T15:04:39+03:00 client2 kernel: pci 0000:00:1e.0:   bridge window [io  0x0000-0x0cf7 window] (subtractive decode)
2019-01-09T15:04:39+03:00 client2 kernel: pci 0000:00:1e.0:   bridge window [io  0x0d00-0xffff window] (subtractive decode)
2019-01-09T15:04:39+03:00 client2 kernel: pci 0000:00:1e.0:   bridge window [mem 0x000a0000-0x000bffff window] (subtractive decode)
2019-01-09T15:04:39+03:00 client2 kernel: pci 0000:00:1e.0:   bridge window [mem 0x000c0000-0x000cffff window] (subtractive decode)
2019-01-09T15:04:39+03:00 client2 kernel: pci 0000:00:1e.0:   bridge window [mem 0xb0000000-0xfebfffff window] (subtractive decode)
2019-01-09T15:04:39+03:00 client2 kernel: ACPI Exception: AE_NOT_FOUND, Evaluating _PRS (20130517/pci_link-180)
2019-01-09T15:04:39+03:00 client2 kernel: ACPI: EC: GPE = 0xa, I/O: command/status = 0x66, data = 0x62
2019-01-09T15:04:39+03:00 client2 kernel: vgaarb: device added: PCI:0000:01:00.0,decodes=io+mem,owns=io+mem,locks=none
2019-01-09T15:04:39+03:00 client2 kernel: vgaarb: loaded
2019-01-09T15:04:39+03:00 client2 kernel: vgaarb: bridge control possible 0000:01:00.0
2019-01-09T15:04:39+03:00 client2 kernel: SCSI subsystem initialized
2019-01-09T15:04:39+03:00 client2 kernel: ACPI: bus type USB registered
2019-01-09T15:04:39+03:00 client2 kernel: usbcore: registered new interface driver usbfs
2019-01-09T15:04:39+03:00 client2 kernel: usbcore: registered new interface driver hub
2019-01-09T15:04:39+03:00 client2 kernel: usbcore: registered new device driver usb
2019-01-09T15:04:39+03:00 client2 kernel: EDAC MC: Ver: 3.0.0
2019-01-09T15:04:39+03:00 client2 kernel: PCI: Using ACPI for IRQ routing
2019-01-09T15:04:39+03:00 client2 kernel: PCI: pci_cache_line_size set to 64 bytes
2019-01-09T15:04:39+03:00 client2 kernel: e820: reserve RAM buffer [mem 0x0009fc00-0x0009ffff]
2019-01-09T15:04:39+03:00 client2 kernel: e820: reserve RAM buffer [mem 0x7ffec000-0x7fffffff]
2019-01-09T15:04:39+03:00 client2 kernel: NetLabel: Initializing
2019-01-09T15:04:39+03:00 client2 kernel: NetLabel:  domain hash size = 128
2019-01-09T15:04:39+03:00 client2 kernel: NetLabel:  protocols = UNLABELED CIPSOv4
2019-01-09T15:04:39+03:00 client2 kernel: NetLabel:  unlabeled traffic allowed by default
2019-01-09T15:04:39+03:00 client2 kernel: hpet0: at MMIO 0xfed00000, IRQs 2, 8, 0, 0, 0, 0, 0, 0
2019-01-09T15:04:39+03:00 client2 kernel: hpet0: 8 comparators, 64-bit 16.000000 MHz counter
2019-01-09T15:04:39+03:00 client2 kernel: amd_nb: Cannot enumerate AMD northbridges
2019-01-09T15:04:39+03:00 client2 kernel: Switched to clocksource kvm-clock
2019-01-09T15:04:39+03:00 client2 kernel: pnp: PnP ACPI init
2019-01-09T15:04:39+03:00 client2 kernel: ACPI: bus type PNP registered
2019-01-09T15:04:39+03:00 client2 kernel: pnp 00:00: Plug and Play ACPI device, IDs PNP0303 (active)
2019-01-09T15:04:39+03:00 client2 kernel: pnp 00:01: Plug and Play ACPI device, IDs PNP0f03 (active)
2019-01-09T15:04:39+03:00 client2 kernel: pnp 00:02: Plug and Play ACPI device, IDs PNP0b00 (active)
2019-01-09T15:04:39+03:00 client2 kernel: system 00:03: [mem 0xff000000-0xffffffff] could not be reserved
2019-01-09T15:04:39+03:00 client2 kernel: system 00:03: Plug and Play ACPI device, IDs PNP0c01 (active)
2019-01-09T15:04:39+03:00 client2 kernel: system 00:04: [io  0x04d0-0x04d1] has been reserved
2019-01-09T15:04:39+03:00 client2 kernel: system 00:04: [mem 0xfc000000-0xfcffffff] has been reserved
2019-01-09T15:04:39+03:00 client2 kernel: system 00:04: Plug and Play ACPI device, IDs PNP0c02 (active)
2019-01-09T15:04:39+03:00 client2 kernel: pnp: PnP ACPI: found 5 devices
2019-01-09T15:04:39+03:00 client2 kernel: ACPI: bus type PNP unregistered
2019-01-09T15:04:39+03:00 client2 kernel: pci 0000:00:1f.0: BAR 13: [io  size 0x0080] has bogus alignment
2019-01-09T15:04:39+03:00 client2 kernel: pci 0000:00:01.0: PCI bridge to [bus 01]
2019-01-09T15:04:39+03:00 client2 kernel: pci 0000:00:01.0:   bridge window [io  0x6000-0x7fff]
2019-01-09T15:04:39+03:00 client2 kernel: pci 0000:00:01.0:   bridge window [mem 0xe2000000-0xedffffff]
2019-01-09T15:04:39+03:00 client2 kernel: pci 0000:00:01.0:   bridge window [mem 0xb0000000-0xdfffffff 64bit pref]
2019-01-09T15:04:39+03:00 client2 kernel: pci 0000:00:0a.0: PCI bridge to [bus 02]
2019-01-09T15:04:39+03:00 client2 kernel: pci 0000:00:0a.0:   bridge window [io  0x9000-0xafff]
2019-01-09T15:04:39+03:00 client2 kernel: pci 0000:00:0a.0:   bridge window [mem 0xee100000-0xef0fffff]
2019-01-09T15:04:39+03:00 client2 kernel: pci 0000:00:0a.0:   bridge window [mem 0xe0000000-0xe0ffffff pref]
2019-01-09T15:04:39+03:00 client2 kernel: pci 0000:00:1e.0: PCI bridge to [bus 03]
2019-01-09T15:04:39+03:00 client2 kernel: pci 0000:00:1e.0:   bridge window [io  0xc000-0xdfff]
2019-01-09T15:04:39+03:00 client2 kernel: pci 0000:00:1e.0:   bridge window [mem 0xef200000-0xf01fffff]
2019-01-09T15:04:39+03:00 client2 kernel: pci 0000:00:1e.0:   bridge window [mem 0xe1000000-0xe1ffffff 64bit pref]
2019-01-09T15:04:39+03:00 client2 kernel: pci_bus 0000:00: resource 4 [io  0x0000-0x0cf7 window]
2019-01-09T15:04:39+03:00 client2 kernel: pci_bus 0000:00: resource 5 [io  0x0d00-0xffff window]
2019-01-09T15:04:39+03:00 client2 kernel: pci_bus 0000:00: resource 6 [mem 0x000a0000-0x000bffff window]
2019-01-09T15:04:39+03:00 client2 kernel: pci_bus 0000:00: resource 7 [mem 0x000c0000-0x000cffff window]
2019-01-09T15:04:39+03:00 client2 kernel: pci_bus 0000:00: resource 8 [mem 0xb0000000-0xfebfffff window]
2019-01-09T15:04:39+03:00 client2 kernel: pci_bus 0000:01: resource 0 [io  0x6000-0x7fff]
2019-01-09T15:04:39+03:00 client2 kernel: pci_bus 0000:01: resource 1 [mem 0xe2000000-0xedffffff]
2019-01-09T15:04:39+03:00 client2 kernel: pci_bus 0000:01: resource 2 [mem 0xb0000000-0xdfffffff 64bit pref]
2019-01-09T15:04:39+03:00 client2 kernel: pci_bus 0000:01: resource 4 [io  0x0000-0x0cf7 window]
2019-01-09T15:04:39+03:00 client2 kernel: pci_bus 0000:01: resource 5 [io  0x0d00-0xffff window]
2019-01-09T15:04:39+03:00 client2 kernel: pci_bus 0000:01: resource 6 [mem 0x000a0000-0x000bffff window]
2019-01-09T15:04:39+03:00 client2 kernel: pci_bus 0000:01: resource 7 [mem 0x000c0000-0x000cffff window]
2019-01-09T15:04:39+03:00 client2 kernel: pci_bus 0000:01: resource 8 [mem 0xb0000000-0xfebfffff window]
2019-01-09T15:04:39+03:00 client2 kernel: pci_bus 0000:02: resource 0 [io  0x9000-0xafff]
2019-01-09T15:04:39+03:00 client2 kernel: pci_bus 0000:02: resource 1 [mem 0xee100000-0xef0fffff]
2019-01-09T15:04:39+03:00 client2 kernel: pci_bus 0000:02: resource 2 [mem 0xe0000000-0xe0ffffff pref]
2019-01-09T15:04:39+03:00 client2 kernel: pci_bus 0000:03: resource 0 [io  0xc000-0xdfff]
2019-01-09T15:04:39+03:00 client2 kernel: pci_bus 0000:03: resource 1 [mem 0xef200000-0xf01fffff]
2019-01-09T15:04:39+03:00 client2 kernel: pci_bus 0000:03: resource 2 [mem 0xe1000000-0xe1ffffff 64bit pref]
2019-01-09T15:04:39+03:00 client2 kernel: pci_bus 0000:03: resource 4 [io  0x0000-0x0cf7 window]
2019-01-09T15:04:39+03:00 client2 kernel: pci_bus 0000:03: resource 5 [io  0x0d00-0xffff window]
2019-01-09T15:04:39+03:00 client2 kernel: pci_bus 0000:03: resource 6 [mem 0x000a0000-0x000bffff window]
2019-01-09T15:04:39+03:00 client2 kernel: pci_bus 0000:03: resource 7 [mem 0x000c0000-0x000cffff window]
2019-01-09T15:04:39+03:00 client2 kernel: pci_bus 0000:03: resource 8 [mem 0xb0000000-0xfebfffff window]
2019-01-09T15:04:39+03:00 client2 kernel: NET: Registered protocol family 2
2019-01-09T15:04:39+03:00 client2 kernel: TCP established hash table entries: 16384 (order: 5, 131072 bytes)
2019-01-09T15:04:39+03:00 client2 kernel: TCP bind hash table entries: 16384 (order: 6, 262144 bytes)
2019-01-09T15:04:39+03:00 client2 kernel: TCP: Hash tables configured (established 16384 bind 16384)
2019-01-09T15:04:39+03:00 client2 kernel: TCP: reno registered
2019-01-09T15:04:39+03:00 client2 kernel: UDP hash table entries: 1024 (order: 3, 32768 bytes)
2019-01-09T15:04:39+03:00 client2 kernel: UDP-Lite hash table entries: 1024 (order: 3, 32768 bytes)
2019-01-09T15:04:39+03:00 client2 kernel: NET: Registered protocol family 1
2019-01-09T15:04:39+03:00 client2 kernel: pci 0000:01:00.0: Boot video device
2019-01-09T15:04:39+03:00 client2 kernel: PCI: CLS 0 bytes, default 64
2019-01-09T15:04:39+03:00 client2 kernel: Unpacking initramfs...
2019-01-09T15:04:39+03:00 client2 kernel: Freeing initrd memory: 30100k freed
2019-01-09T15:04:39+03:00 client2 kernel: RAPL PMU: API unit is 2^-32 Joules, 4 fixed counters, 10737418240 ms ovfl timer
2019-01-09T15:04:39+03:00 client2 kernel: RAPL PMU: hw unit of domain pp0-core 2^-0 Joules
2019-01-09T15:04:39+03:00 client2 kernel: RAPL PMU: hw unit of domain package 2^-0 Joules
2019-01-09T15:04:39+03:00 client2 kernel: RAPL PMU: hw unit of domain dram 2^-0 Joules
2019-01-09T15:04:39+03:00 client2 kernel: RAPL PMU: hw unit of domain pp1-gpu 2^-0 Joules
2019-01-09T15:04:39+03:00 client2 kernel: sha1_ssse3: Using AVX2 optimized SHA-1 implementation
2019-01-09T15:04:39+03:00 client2 kernel: sha256_ssse3: Using AVX2 optimized SHA-256 implementation
2019-01-09T15:04:39+03:00 client2 kernel: futex hash table entries: 8192 (order: 7, 524288 bytes)
2019-01-09T15:04:39+03:00 client2 kernel: Initialise system trusted keyring
2019-01-09T15:04:39+03:00 client2 kernel: audit: initializing netlink socket (disabled)
2019-01-09T15:04:39+03:00 client2 kernel: type=2000 audit(1547035478.832:1): initialized
2019-01-09T15:04:39+03:00 client2 kernel: HugeTLB registered 2 MB page size, pre-allocated 0 pages
2019-01-09T15:04:39+03:00 client2 kernel: zpool: loaded
2019-01-09T15:04:39+03:00 client2 kernel: zbud: loaded
2019-01-09T15:04:39+03:00 client2 kernel: VFS: Disk quotas dquot_6.5.2
2019-01-09T15:04:39+03:00 client2 kernel: Dquot-cache hash table entries: 512 (order 0, 4096 bytes)
2019-01-09T15:04:39+03:00 client2 kernel: msgmni has been set to 3662
2019-01-09T15:04:39+03:00 client2 kernel: Key type big_key registered
2019-01-09T15:04:39+03:00 client2 kernel: SELinux:  Registering netfilter hooks
2019-01-09T15:04:39+03:00 client2 kernel: NET: Registered protocol family 38
2019-01-09T15:04:39+03:00 client2 kernel: Key type asymmetric registered
2019-01-09T15:04:39+03:00 client2 kernel: Asymmetric key parser 'x509' registered
2019-01-09T15:04:39+03:00 client2 kernel: Block layer SCSI generic (bsg) driver version 0.4 loaded (major 248)
2019-01-09T15:04:39+03:00 client2 kernel: io scheduler noop registered
2019-01-09T15:04:39+03:00 client2 kernel: io scheduler deadline registered (default)
2019-01-09T15:04:39+03:00 client2 kernel: io scheduler cfq registered
2019-01-09T15:04:39+03:00 client2 kernel: io scheduler mq-deadline registered
2019-01-09T15:04:39+03:00 client2 kernel: io scheduler kyber registered
2019-01-09T15:04:39+03:00 client2 kernel: pci_hotplug: PCI Hot Plug PCI Core version: 0.5
2019-01-09T15:04:39+03:00 client2 kernel: pciehp: PCI Express Hot Plug Controller Driver version: 0.4
2019-01-09T15:04:39+03:00 client2 kernel: intel_idle: does not run on family 6 model 69
2019-01-09T15:04:39+03:00 client2 kernel: ACPI: AC Adapter [ADP0] (on-line)
2019-01-09T15:04:39+03:00 client2 kernel: input: Power Button as /devices/LNXSYSTM:00/LNXPWRBN:00/input/input0
2019-01-09T15:04:39+03:00 client2 kernel: ACPI: Power Button [PWRF]
2019-01-09T15:04:39+03:00 client2 kernel: input: Sleep Button as /devices/LNXSYSTM:00/LNXSLPBN:00/input/input1
2019-01-09T15:04:39+03:00 client2 kernel: ACPI: Sleep Button [SLPF]
2019-01-09T15:04:39+03:00 client2 kernel: GHES: HEST is not enabled!
2019-01-09T15:04:39+03:00 client2 kernel: Serial: 8250/16550 driver, 4 ports, IRQ sharing enabled
2019-01-09T15:04:39+03:00 client2 kernel: random: fast init done
2019-01-09T15:04:39+03:00 client2 kernel: Non-volatile memory driver v1.3
2019-01-09T15:04:39+03:00 client2 kernel: Linux agpgart interface v0.103
2019-01-09T15:04:39+03:00 client2 kernel: crash memory driver: version 1.1
2019-01-09T15:04:39+03:00 client2 kernel: rdac: device handler registered
2019-01-09T15:04:39+03:00 client2 kernel: hp_sw: device handler registered
2019-01-09T15:04:39+03:00 client2 kernel: emc: device handler registered
2019-01-09T15:04:39+03:00 client2 kernel: alua: device handler registered
2019-01-09T15:04:39+03:00 client2 kernel: libphy: Fixed MDIO Bus: probed
2019-01-09T15:04:39+03:00 client2 kernel: ehci_hcd: USB 2.0 'Enhanced' Host Controller (EHCI) Driver
2019-01-09T15:04:39+03:00 client2 kernel: ehci-pci: EHCI PCI platform driver
2019-01-09T15:04:39+03:00 client2 kernel: ehci-pci 0000:00:1d.7: EHCI Host Controller
2019-01-09T15:04:39+03:00 client2 kernel: ehci-pci 0000:00:1d.7: new USB bus registered, assigned bus number 1
2019-01-09T15:04:39+03:00 client2 kernel: ehci-pci 0000:00:1d.7: Enabling legacy PCI PM
2019-01-09T15:04:39+03:00 client2 kernel: ehci-pci 0000:00:1d.7: cache line size of 64 is not supported
2019-01-09T15:04:39+03:00 client2 kernel: ehci-pci 0000:00:1d.7: irq 19, io mem 0xef140000
2019-01-09T15:04:39+03:00 client2 kernel: ehci-pci 0000:00:1d.7: USB 2.0 started, EHCI 1.00
2019-01-09T15:04:39+03:00 client2 kernel: usb usb1: New USB device found, idVendor=1d6b, idProduct=0002
2019-01-09T15:04:39+03:00 client2 kernel: usb usb1: New USB device strings: Mfr=3, Product=2, SerialNumber=1
2019-01-09T15:04:39+03:00 client2 kernel: usb usb1: Product: EHCI Host Controller
2019-01-09T15:04:39+03:00 client2 kernel: usb usb1: Manufacturer: Linux 3.10.0-862.11.6.el7.x86_64 ehci_hcd
2019-01-09T15:04:39+03:00 client2 kernel: usb usb1: SerialNumber: 0000:00:1d.7
2019-01-09T15:04:39+03:00 client2 kernel: hub 1-0:1.0: USB hub found
2019-01-09T15:04:39+03:00 client2 kernel: hub 1-0:1.0: 15 ports detected
2019-01-09T15:04:39+03:00 client2 kernel: ohci_hcd: USB 1.1 'Open' Host Controller (OHCI) Driver
2019-01-09T15:04:39+03:00 client2 kernel: ohci-pci: OHCI PCI platform driver
2019-01-09T15:04:39+03:00 client2 kernel: uhci_hcd: USB Universal Host Controller Interface driver
2019-01-09T15:04:39+03:00 client2 kernel: uhci_hcd 0000:00:1d.0: UHCI Host Controller
2019-01-09T15:04:39+03:00 client2 kernel: uhci_hcd 0000:00:1d.0: new USB bus registered, assigned bus number 2
2019-01-09T15:04:39+03:00 client2 kernel: uhci_hcd 0000:00:1d.0: detected 2 ports
2019-01-09T15:04:39+03:00 client2 kernel: uhci_hcd 0000:00:1d.0: irq 18, io base 0x0000b200
2019-01-09T15:04:39+03:00 client2 kernel: usb usb2: New USB device found, idVendor=1d6b, idProduct=0001
2019-01-09T15:04:39+03:00 client2 kernel: usb usb2: New USB device strings: Mfr=3, Product=2, SerialNumber=1
2019-01-09T15:04:39+03:00 client2 kernel: usb usb2: Product: UHCI Host Controller
2019-01-09T15:04:39+03:00 client2 kernel: usb usb2: Manufacturer: Linux 3.10.0-862.11.6.el7.x86_64 uhci_hcd
2019-01-09T15:04:39+03:00 client2 kernel: usb usb2: SerialNumber: 0000:00:1d.0
2019-01-09T15:04:39+03:00 client2 kernel: hub 2-0:1.0: USB hub found
2019-01-09T15:04:39+03:00 client2 kernel: hub 2-0:1.0: 2 ports detected
2019-01-09T15:04:39+03:00 client2 kernel: xhci_hcd 0000:00:1d.6: xHCI Host Controller
2019-01-09T15:04:39+03:00 client2 kernel: xhci_hcd 0000:00:1d.6: new USB bus registered, assigned bus number 3
2019-01-09T15:04:39+03:00 client2 kernel: xhci_hcd 0000:00:1d.6: hcc params 0x01c15001 hci version 0x100 quirks 0x00000014
2019-01-09T15:04:39+03:00 client2 kernel: xhci_hcd 0000:00:1d.6: cache line size of 64 is not supported
2019-01-09T15:04:39+03:00 client2 kernel: xhci_hcd 0000:00:1d.6: irq 24 for MSI/MSI-X
2019-01-09T15:04:39+03:00 client2 kernel: usb usb3: New USB device found, idVendor=1d6b, idProduct=0002
2019-01-09T15:04:39+03:00 client2 kernel: usb usb3: New USB device strings: Mfr=3, Product=2, SerialNumber=1
2019-01-09T15:04:39+03:00 client2 kernel: usb usb3: Product: xHCI Host Controller
2019-01-09T15:04:39+03:00 client2 kernel: usb usb3: Manufacturer: Linux 3.10.0-862.11.6.el7.x86_64 xhci-hcd
2019-01-09T15:04:39+03:00 client2 kernel: usb usb3: SerialNumber: 0000:00:1d.6
2019-01-09T15:04:39+03:00 client2 kernel: hub 3-0:1.0: USB hub found
2019-01-09T15:04:39+03:00 client2 kernel: hub 3-0:1.0: 2 ports detected
2019-01-09T15:04:39+03:00 client2 kernel: xhci_hcd 0000:00:1d.6: xHCI Host Controller
2019-01-09T15:04:39+03:00 client2 kernel: xhci_hcd 0000:00:1d.6: new USB bus registered, assigned bus number 4
2019-01-09T15:04:39+03:00 client2 kernel: ACPI: Battery Slot [BAT0] (battery present)
2019-01-09T15:04:39+03:00 client2 kernel: usb usb4: We don't know the algorithms for LPM for this host, disabling LPM.
2019-01-09T15:04:39+03:00 client2 kernel: usb usb4: New USB device found, idVendor=1d6b, idProduct=0003
2019-01-09T15:04:39+03:00 client2 kernel: usb usb4: New USB device strings: Mfr=3, Product=2, SerialNumber=1
2019-01-09T15:04:39+03:00 client2 kernel: usb usb4: Product: xHCI Host Controller
2019-01-09T15:04:39+03:00 client2 kernel: usb usb4: Manufacturer: Linux 3.10.0-862.11.6.el7.x86_64 xhci-hcd
2019-01-09T15:04:39+03:00 client2 kernel: usb usb4: SerialNumber: 0000:00:1d.6
2019-01-09T15:04:39+03:00 client2 kernel: hub 4-0:1.0: USB hub found
2019-01-09T15:04:39+03:00 client2 kernel: hub 4-0:1.0: 12 ports detected
2019-01-09T15:04:39+03:00 client2 kernel: usbcore: registered new interface driver usbserial
2019-01-09T15:04:39+03:00 client2 kernel: usbcore: registered new interface driver usbserial_generic
2019-01-09T15:04:39+03:00 client2 kernel: usbserial: USB Serial support registered for generic
2019-01-09T15:04:39+03:00 client2 kernel: i8042: PNP: PS/2 Controller [PNP0303:KBC,PNP0f03:PS2M] at 0x60,0x64 irq 1,12
2019-01-09T15:04:39+03:00 client2 kernel: serio: i8042 KBD port at 0x60,0x64 irq 1
2019-01-09T15:04:39+03:00 client2 kernel: serio: i8042 AUX port at 0x60,0x64 irq 12
2019-01-09T15:04:39+03:00 client2 kernel: mousedev: PS/2 mouse device common for all mice
2019-01-09T15:04:39+03:00 client2 kernel: rtc_cmos 00:02: rtc core: registered rtc_cmos as rtc0
2019-01-09T15:04:39+03:00 client2 kernel: rtc_cmos 00:02: alarms up to one day, y3k, 242 bytes nvram, hpet irqs
2019-01-09T15:04:39+03:00 client2 kernel: input: AT Translated Set 2 keyboard as /devices/platform/i8042/serio0/input/input2
2019-01-09T15:04:39+03:00 client2 kernel: cpuidle: using governor menu
2019-01-09T15:04:39+03:00 client2 kernel: hidraw: raw HID events driver (C) Jiri Kosina
2019-01-09T15:04:39+03:00 client2 kernel: usbcore: registered new interface driver usbhid
2019-01-09T15:04:39+03:00 client2 kernel: usbhid: USB HID core driver
2019-01-09T15:04:39+03:00 client2 kernel: drop_monitor: Initializing network drop monitor service
2019-01-09T15:04:39+03:00 client2 kernel: TCP: cubic registered
2019-01-09T15:04:39+03:00 client2 kernel: Initializing XFRM netlink socket
2019-01-09T15:04:39+03:00 client2 kernel: NET: Registered protocol family 10
2019-01-09T15:04:39+03:00 client2 kernel: NET: Registered protocol family 17
2019-01-09T15:04:39+03:00 client2 kernel: mpls_gso: MPLS GSO support
2019-01-09T15:04:39+03:00 client2 kernel: microcode: sig=0x40651, pf=0x1, revision=0x24
2019-01-09T15:04:39+03:00 client2 kernel: microcode: Microcode Update Driver: v2.01 <tigran@aivazian.fsnet.co.uk>, Peter Oruba
2019-01-09T15:04:39+03:00 client2 kernel: PM: Hibernation image not present or could not be loaded.
2019-01-09T15:04:39+03:00 client2 kernel: Loading compiled-in X.509 certificates
2019-01-09T15:04:39+03:00 client2 kernel: Loaded X.509 cert 'CentOS Linux kpatch signing key: ea0413152cde1d98ebdca3fe6f0230904c9ef717'
2019-01-09T15:04:39+03:00 client2 kernel: Loaded X.509 cert 'CentOS Linux Driver update signing key: 7f421ee0ab69461574bb358861dbe77762a4201b'
2019-01-09T15:04:39+03:00 client2 kernel: Loaded X.509 cert 'CentOS Linux kernel signing key: d4115f110055db56c8d605ab752173cfb1ac54d8'
2019-01-09T15:04:39+03:00 client2 kernel: registered taskstats version 1
2019-01-09T15:04:39+03:00 client2 kernel: Key type trusted registered
2019-01-09T15:04:39+03:00 client2 kernel: Key type encrypted registered
2019-01-09T15:04:39+03:00 client2 kernel: IMA: No TPM chip found, activating TPM-bypass! (rc=-19)
2019-01-09T15:04:39+03:00 client2 kernel:  Magic number: 3:429:76
2019-01-09T15:04:39+03:00 client2 kernel: rtc_cmos 00:02: setting system clock to 2019-01-09 12:04:39 UTC (1547035479)
2019-01-09T15:04:39+03:00 client2 kernel: Freeing unused kernel memory: 1836k freed
2019-01-09T15:04:39+03:00 client2 kernel: Write protecting the kernel read-only data: 12288k
2019-01-09T15:04:39+03:00 client2 kernel: Freeing unused kernel memory: 832k freed
2019-01-09T15:04:39+03:00 client2 kernel: Freeing unused kernel memory: 676k freed
2019-01-09T15:04:39+03:00 client2 kernel: device-mapper: uevent: version 1.0.3
2019-01-09T15:04:39+03:00 client2 kernel: device-mapper: ioctl: 4.37.1-ioctl (2018-04-03) initialised: dm-devel@redhat.com
2019-01-09T15:04:39+03:00 client2 kernel: usb 4-1: new SuperSpeed USB device number 2 using xhci_hcd
2019-01-09T15:04:39+03:00 client2 kernel: usb 4-1: LPM exit latency is zeroed, disabling LPM.
2019-01-09T15:04:39+03:00 client2 kernel: usb 4-1: New USB device found, idVendor=203a, idProduct=fff9
2019-01-09T15:04:39+03:00 client2 kernel: usb 4-1: New USB device strings: Mfr=1, Product=2, SerialNumber=3
2019-01-09T15:04:39+03:00 client2 kernel: usb 4-1: Product: FaceTime HD Camera
2019-01-09T15:04:39+03:00 client2 kernel: usb 4-1: Manufacturer: Parallels
2019-01-09T15:04:39+03:00 client2 kernel: usb 4-1: SerialNumber: CC244249Z68F6VVD6
2019-01-09T15:04:39+03:00 client2 kernel: virtio-pci 0000:00:05.0: enabling device (0000 -> 0003)
2019-01-09T15:04:39+03:00 client2 kernel: virtio-pci 0000:00:05.0: virtio_pci: leaving for legacy driver
2019-01-09T15:04:39+03:00 client2 kernel: virtio-pci 0000:00:0e.0: enabling device (0000 -> 0001)
2019-01-09T15:04:39+03:00 client2 kernel: virtio-pci 0000:00:0e.0: virtio_pci: leaving for legacy driver
2019-01-09T15:04:39+03:00 client2 kernel: libata version 3.00 loaded.
2019-01-09T15:04:39+03:00 client2 kernel: virtio-pci 0000:00:05.0: irq 25 for MSI/MSI-X
2019-01-09T15:04:39+03:00 client2 kernel: virtio-pci 0000:00:05.0: irq 26 for MSI/MSI-X
2019-01-09T15:04:39+03:00 client2 kernel: virtio-pci 0000:00:05.0: irq 27 for MSI/MSI-X
2019-01-09T15:04:39+03:00 client2 kernel: ata_piix 0000:00:1f.1: version 2.13
2019-01-09T15:04:39+03:00 client2 kernel: scsi host0: ata_piix
2019-01-09T15:04:39+03:00 client2 kernel: scsi host1: ata_piix
2019-01-09T15:04:39+03:00 client2 kernel: ata1: PATA max UDMA/100 cmd 0x1f0 ctl 0x3f6 bmdma 0xe000 irq 14
2019-01-09T15:04:39+03:00 client2 kernel: ata2: PATA max UDMA/100 cmd 0x170 ctl 0x376 bmdma 0xe008 irq 15
2019-01-09T15:04:39+03:00 client2 kernel: ahci 0000:00:1f.2: version 3.0
2019-01-09T15:04:39+03:00 client2 kernel: ahci 0000:00:1f.2: irq 28 for MSI/MSI-X
2019-01-09T15:04:39+03:00 client2 kernel: ahci 0000:00:1f.2: SSS flag set, parallel bus scan disabled
2019-01-09T15:04:39+03:00 client2 kernel: ahci 0000:00:1f.2: AHCI 0001.0100 32 slots 6 ports 3 Gbps 0x3f impl SATA mode
2019-01-09T15:04:39+03:00 client2 kernel: ahci 0000:00:1f.2: flags: 64bit ncq stag pm led only slum part 
2019-01-09T15:04:39+03:00 client2 kernel: scsi host2: ahci
2019-01-09T15:04:39+03:00 client2 kernel: scsi host3: ahci
2019-01-09T15:04:39+03:00 client2 kernel: scsi host4: ahci
2019-01-09T15:04:39+03:00 client2 kernel: scsi host5: ahci
2019-01-09T15:04:39+03:00 client2 kernel: scsi host6: ahci
2019-01-09T15:04:39+03:00 client2 kernel: scsi host7: ahci
2019-01-09T15:04:39+03:00 client2 kernel: ata3: SATA max UDMA/133 abar m8192@0xf0200000 port 0xf0200100 irq 28
2019-01-09T15:04:39+03:00 client2 kernel: ata4: SATA max UDMA/133 abar m8192@0xf0200000 port 0xf0200180 irq 28
2019-01-09T15:04:39+03:00 client2 kernel: ata5: SATA max UDMA/133 abar m8192@0xf0200000 port 0xf0200200 irq 28
2019-01-09T15:04:39+03:00 client2 kernel: ata6: SATA max UDMA/133 abar m8192@0xf0200000 port 0xf0200280 irq 28
2019-01-09T15:04:39+03:00 client2 kernel: ata7: SATA max UDMA/133 abar m8192@0xf0200000 port 0xf0200300 irq 28
2019-01-09T15:04:39+03:00 client2 kernel: ata8: SATA max UDMA/133 abar m8192@0xf0200000 port 0xf0200380 irq 28
2019-01-09T15:04:40+03:00 client2 kernel: ata3: SATA link up 1.5 Gbps (SStatus 113 SControl 300)
2019-01-09T15:04:40+03:00 client2 kernel: ata3.00: ATA-8: CentOS Linux 7-0 SSD, F.ZDSG90, max UDMA/100
2019-01-09T15:04:40+03:00 client2 kernel: ata3.00: 134217728 sectors, multi 0: LBA48 NCQ (depth 31/32)
2019-01-09T15:04:40+03:00 client2 kernel: ata3.00: configured for UDMA/100
2019-01-09T15:04:40+03:00 client2 kernel: scsi 2:0:0:0: Direct-Access     ATA      CentOS Linux 7-0 SG90 PQ: 0 ANSI: 5
2019-01-09T15:04:40+03:00 client2 kernel: input: ImExPS/2 Generic Explorer Mouse as /devices/platform/i8042/serio1/input/input3
2019-01-09T15:04:40+03:00 client2 kernel: tsc: Refined TSC clocksource calibration: 2599.997 MHz
2019-01-09T15:04:40+03:00 client2 kernel: ata4: SATA link up 1.5 Gbps (SStatus 113 SControl 300)
2019-01-09T15:04:40+03:00 client2 kernel: ata4.00: ATAPI: Virtual DVD-ROM [1], FWR1, max UDMA/25
2019-01-09T15:04:40+03:00 client2 kernel: ata4.00: configured for UDMA/25
2019-01-09T15:04:40+03:00 client2 kernel: scsi 3:0:0:0: CD-ROM                     Virtual DVD-ROM  R103 PQ: 0 ANSI: 5
2019-01-09T15:04:40+03:00 client2 kernel: ata5: SATA link down (SStatus 0 SControl 300)
2019-01-09T15:04:41+03:00 client2 kernel: ata6: SATA link down (SStatus 0 SControl 300)
2019-01-09T15:04:41+03:00 client2 kernel: ata7: SATA link down (SStatus 0 SControl 300)
2019-01-09T15:04:41+03:00 client2 kernel: ata8: SATA link down (SStatus 0 SControl 300)
2019-01-09T15:04:41+03:00 client2 kernel: sd 2:0:0:0: [sda] 134217728 512-byte logical blocks: (68.7 GB/64.0 GiB)
2019-01-09T15:04:41+03:00 client2 kernel: sd 2:0:0:0: [sda] 4096-byte physical blocks
2019-01-09T15:04:41+03:00 client2 kernel: sd 2:0:0:0: [sda] Write Protect is off
2019-01-09T15:04:41+03:00 client2 kernel: sd 2:0:0:0: [sda] Mode Sense: 00 3a 00 00
2019-01-09T15:04:41+03:00 client2 kernel: sd 2:0:0:0: [sda] Write cache: enabled, read cache: enabled, doesn't support DPO or FUA
2019-01-09T15:04:41+03:00 client2 kernel: sda: sda1 sda2
2019-01-09T15:04:41+03:00 client2 kernel: sd 2:0:0:0: [sda] Attached SCSI disk
2019-01-09T15:04:41+03:00 client2 kernel: sr 3:0:0:0: [sr0] scsi3-mmc drive: 44x/44x cd/rw xa/form2 cdda tray
2019-01-09T15:04:41+03:00 client2 kernel: cdrom: Uniform CD-ROM driver Revision: 3.20
2019-01-09T15:04:41+03:00 client2 kernel: sr 3:0:0:0: Attached scsi CD-ROM sr0
2019-01-09T15:04:42+03:00 client2 kernel: SGI XFS with ACLs, security attributes, no debug enabled
2019-01-09T15:04:42+03:00 client2 kernel: XFS (dm-0): Mounting V5 Filesystem
2019-01-09T15:04:42+03:00 client2 kernel: XFS (dm-0): Ending clean mount
2019-01-09T15:04:42+03:00 client2 kernel: type=1404 audit(1547035482.414:2): enforcing=1 old_enforcing=0 auid=4294967295 ses=4294967295
2019-01-09T15:04:42+03:00 client2 kernel: SELinux: 2048 avtab hash slots, 106481 rules.
2019-01-09T15:04:42+03:00 client2 kernel: SELinux: 2048 avtab hash slots, 106481 rules.
2019-01-09T15:04:42+03:00 client2 kernel: SELinux:  8 users, 14 roles, 5009 types, 310 bools, 1 sens, 1024 cats
2019-01-09T15:04:42+03:00 client2 kernel: SELinux:  97 classes, 106481 rules
2019-01-09T15:04:42+03:00 client2 kernel: SELinux:  Completing initialization.
2019-01-09T15:04:42+03:00 client2 kernel: SELinux:  Setting up existing superblocks.
2019-01-09T15:04:42+03:00 client2 kernel: type=1403 audit(1547035482.518:3): policy loaded auid=4294967295 ses=4294967295
2019-01-09T15:04:42+03:00 client2 kernel: ip_tables: (C) 2000-2006 Netfilter Core Team
2019-01-09T15:04:43+03:00 client2 kernel: prl_tg: loading out-of-tree module taints kernel.
2019-01-09T15:04:43+03:00 client2 kernel: prl_tg: module license 'Parallels' taints kernel.
2019-01-09T15:04:43+03:00 client2 kernel: Disabling lock debugging due to kernel taint
2019-01-09T15:04:43+03:00 client2 kernel: prl_tg: module verification failed: signature and/or required key missing - tainting kernel
2019-01-09T15:04:43+03:00 client2 kernel: Parallels ToolGate driver 1.5.0 loaded
2019-01-09T15:04:43+03:00 client2 kernel: prl_tg 0000:00:03.0: irq 29 for MSI/MSI-X
2019-01-09T15:04:43+03:00 client2 kernel: detected Parallels ToolGate, base addr 00008000, IRQ 29
2019-01-09T15:04:43+03:00 client2 kernel: Parallels Video ToolGate: memory physaddr b0000000, size 64Mb
2019-01-09T15:04:43+03:00 client2 kernel: prl_tg 0000:01:00.0: irq 30 for MSI/MSI-X
2019-01-09T15:04:43+03:00 client2 kernel: detected Parallels Video ToolGate, base addr 00006000, IRQ 30
2019-01-09T15:04:43+03:00 client2 kernel: shpchp: Standard Hot Plug PCI Controller Driver version: 0.4
2019-01-09T15:04:43+03:00 client2 kernel: lpc_ich 0000:00:1f.0: RCBA is disabled by hardware/BIOS, device disabled
2019-01-09T15:04:43+03:00 client2 kernel: ACPI Warning: SystemIO range 0x0000000000004028-0x000000000000402f conflicts with OpRegion 0x0000000000004000-0x000000000000404e (\PMIO) (20130517/utaddress-254)
2019-01-09T15:04:43+03:00 client2 kernel: ACPI: If an ACPI driver is available for this device, you should use it instead of the native driver
2019-01-09T15:04:43+03:00 client2 kernel: lpc_ich: Resource conflict(s) found affecting gpio_ich
2019-01-09T15:04:43+03:00 client2 kernel: i801_smbus 0000:00:1f.3: Enabling SMBus device
2019-01-09T15:04:43+03:00 client2 kernel: i801_smbus 0000:00:1f.3: SMBus using polling
2019-01-09T15:04:43+03:00 client2 kernel: input: PC Speaker as /devices/platform/pcspkr/input/input4
2019-01-09T15:04:43+03:00 client2 kernel: sd 2:0:0:0: Attached scsi generic sg0 type 0
2019-01-09T15:04:43+03:00 client2 kernel: sr 3:0:0:0: Attached scsi generic sg1 type 5
2019-01-09T15:04:43+03:00 client2 kernel: Linux video capture interface: v2.00
2019-01-09T15:04:43+03:00 client2 kernel: cryptd: max_cpu_qlen set to 100
2019-01-09T15:04:43+03:00 client2 kernel: uvcvideo: Found UVC 1.00 device FaceTime HD Camera (203a:fff9)
2019-01-09T15:04:43+03:00 client2 kernel: AVX2 version of gcm_enc/dec engaged.
2019-01-09T15:04:43+03:00 client2 kernel: AES CTR mode by8 optimization enabled
2019-01-09T15:04:43+03:00 client2 kernel: usbcore: registered new interface driver uvcvideo
2019-01-09T15:04:43+03:00 client2 kernel: USB Video Class driver (1.1.1)
2019-01-09T15:04:43+03:00 client2 kernel: gpio_ich: GPIO from 462 to 511 on gpio_ich
2019-01-09T15:04:43+03:00 client2 kernel: ppdev: user-space parallel port driver
2019-01-09T15:04:43+03:00 client2 kernel: Adding 2097148k swap on /dev/mapper/cl-swap.  Priority:-1 extents:1 across:2097148k SSFS
2019-01-09T15:04:43+03:00 client2 kernel: snd_intel8x0 0000:00:1f.4: enable Parallels VM optimization
2019-01-09T15:04:43+03:00 client2 kernel: alg: No test for __gcm-aes-aesni (__driver-gcm-aes-aesni)
2019-01-09T15:04:43+03:00 client2 kernel: XFS (sda1): Mounting V5 Filesystem
2019-01-09T15:04:43+03:00 client2 kernel: alg: No test for __generic-gcm-aes-aesni (__driver-generic-gcm-aes-aesni)
2019-01-09T15:04:43+03:00 client2 kernel: XFS (sda1): Ending clean mount
2019-01-09T15:04:43+03:00 client2 kernel: XFS (dm-2): Mounting V5 Filesystem
2019-01-09T15:04:43+03:00 client2 kernel: XFS (dm-2): Ending clean mount
2019-01-09T15:04:44+03:00 client2 kernel: snd_intel8x0 0000:00:1f.4: intel8x0_measure_ac97_clock: measured 51467 usecs (2543 samples)
2019-01-09T15:04:44+03:00 client2 kernel: snd_intel8x0 0000:00:1f.4: clocking to 46630
2019-01-09T15:04:46+03:00 client2 kernel: floppy0: no floppy controllers found
2019-01-09T15:04:46+03:00 client2 kernel: type=1305 audit(1547035486.444:4): audit_pid=668 old=0 auid=4294967295 ses=4294967295 subj=system_u:system_r:auditd_t:s0 res=1
2019-01-09T15:04:46+03:00 client2 kernel: RPC: Registered named UNIX socket transport module.
2019-01-09T15:04:46+03:00 client2 kernel: RPC: Registered udp transport module.
2019-01-09T15:04:46+03:00 client2 kernel: RPC: Registered tcp transport module.
2019-01-09T15:04:46+03:00 client2 kernel: RPC: Registered tcp NFSv4.1 backchannel transport module.
2019-01-09T15:04:46+03:00 client2 kernel: random: crng init done
2019-01-09T15:04:47+03:00 client2 kernel: Parallels Linux shared folders filesystem driver 1.5.1 loaded
2019-01-09T15:04:47+03:00 client2 kernel: ip6_tables: (C) 2000-2006 Netfilter Core Team
2019-01-09T15:04:47+03:00 client2 kernel: Ebtables v2.0 registered
2019-01-09T15:04:48+03:00 client2 kernel: nf_conntrack version 0.5.0 (16384 buckets, 65536 max)
2019-01-09T15:04:48+03:00 client2 kernel: IPv6: ADDRCONF(NETDEV_UP): eth0: link is not ready
2019-01-09T15:04:48+03:00 client2 kernel: bridge: filtering via arp/ip/ip6tables is no longer available by default. Update your scripts to load br_netfilter if you need this.
2019-01-09T15:04:48+03:00 client2 kernel: Netfilter messages via NETLINK v0.30.
2019-01-09T15:04:48+03:00 client2 kernel: ip_set: protocol 6
2019-01-09T15:04:49+03:00 client2 kernel: IPv6: eth0: IPv6 duplicate address fe80::d41a:a6de:73c6:70fd detected!
2019-01-09T15:04:50+03:00 client2 kernel: usb 1-1: new high-speed USB device number 2 using ehci-pci
2019-01-09T15:04:50+03:00 client2 kernel: usb 1-1: New USB device found, idVendor=203a, idProduct=fffa
2019-01-09T15:04:50+03:00 client2 kernel: usb 1-1: New USB device strings: Mfr=1, Product=2, SerialNumber=3
2019-01-09T15:04:50+03:00 client2 kernel: usb 1-1: Product: Virtual Printer (Print to PDF (Mac Desktop))
2019-01-09T15:04:50+03:00 client2 kernel: usb 1-1: Manufacturer: Parallels
2019-01-09T15:04:50+03:00 client2 kernel: usb 1-1: SerialNumber: TAG11d87aca0
2019-01-09T15:04:50+03:00 client2 kernel: usblp 1-1:1.0: usblp0: USB Unidirectional printer dev 2 if 0 alt 0 proto 1 vid 0x203A pid 0xFFFA
2019-01-09T15:04:50+03:00 client2 kernel: usbcore: registered new interface driver usblp
2019-01-09T15:04:50+03:00 client2 kernel: tun: Universal TUN/TAP device driver, 1.6
2019-01-09T15:04:50+03:00 client2 kernel: tun: (C) 1999-2004 Max Krasnyansky <maxk@qualcomm.com>
2019-01-09T15:04:50+03:00 client2 kernel: virbr0: port 1(virbr0-nic) entered blocking state
2019-01-09T15:04:50+03:00 client2 kernel: virbr0: port 1(virbr0-nic) entered disabled state
2019-01-09T15:04:50+03:00 client2 kernel: device virbr0-nic entered promiscuous mode
2019-01-09T15:04:51+03:00 client2 kernel: IPv6: eth0: IPv6 duplicate address fdb2:2c26:f4e4:0:d5a2:332c:f355:9ca0 detected!
2019-01-09T15:04:51+03:00 client2 kernel: usblp0: removed
2019-01-09T15:04:51+03:00 client2 kernel: usblp 1-1:1.0: usblp0: USB Unidirectional printer dev 2 if 0 alt 0 proto 1 vid 0x203A pid 0xFFFA
2019-01-09T15:04:51+03:00 client2 kernel: virbr0: port 1(virbr0-nic) entered blocking state
2019-01-09T15:04:51+03:00 client2 kernel: virbr0: port 1(virbr0-nic) entered listening state
2019-01-09T15:04:51+03:00 client2 kernel: IPv6: ADDRCONF(NETDEV_UP): virbr0: link is not ready
2019-01-09T15:04:51+03:00 client2 kernel: virbr0: port 1(virbr0-nic) entered disabled state
2019-01-09T15:04:52+03:00 client2 kernel: usb 1-2: new high-speed USB device number 3 using ehci-pci
2019-01-09T15:04:52+03:00 client2 kernel: usb 1-2: New USB device found, idVendor=203a, idProduct=fffa
2019-01-09T15:04:52+03:00 client2 kernel: usb 1-2: New USB device strings: Mfr=1, Product=2, SerialNumber=3
2019-01-09T15:04:52+03:00 client2 kernel: usb 1-2: Product: Virtual Printer (Canon E510 series)
2019-01-09T15:04:52+03:00 client2 kernel: usb 1-2: Manufacturer: Parallels
2019-01-09T15:04:52+03:00 client2 kernel: usb 1-2: SerialNumber: TAG163742630
2019-01-09T15:04:52+03:00 client2 kernel: usblp 1-2:1.0: usblp1: USB Unidirectional printer dev 3 if 0 alt 0 proto 1 vid 0x203A pid 0xFFFA
2019-01-09T15:04:53+03:00 client2 kernel: usblp1: removed
2019-01-09T15:04:53+03:00 client2 kernel: usblp 1-2:1.0: usblp1: USB Unidirectional printer dev 3 if 0 alt 0 proto 1 vid 0x203A pid 0xFFFA
2019-01-09T15:04:53+03:00 client2 kernel: usblp0: removed
2019-01-09T15:04:53+03:00 client2 kernel: usblp 1-1:1.0: usblp0: USB Unidirectional printer dev 2 if 0 alt 0 proto 1 vid 0x203A pid 0xFFFA
2019-01-09T15:06:49+03:00 client2 kernel: fuse init (API version 7.22)
2019-01-09T15:08:36+03:00 client2 kernel: hrtimer: interrupt took 1597267 ns
2019-01-09T15:14:20+03:00 client2 kernel: IPv6: eth0: IPv6 duplicate address fdb2:2c26:f4e4:0:d5a2:332c:f355:9ca0 detected!
2019-01-09T15:19:55+03:00 client2 kernel: IPv6: eth0: IPv6 duplicate address fdb2:2c26:f4e4:0:d5a2:332c:f355:9ca0 detected!
2019-01-09T15:29:04+03:00 client2 kernel: IPv6: eth0: IPv6 duplicate address fdb2:2c26:f4e4:0:d5a2:332c:f355:9ca0 detected!
2019-01-09T15:39:01+03:00 client2 kernel: IPv6: eth0: IPv6 duplicate address fdb2:2c26:f4e4:0:d5a2:332c:f355:9ca0 detected!
2019-01-09T15:45:55+03:00 client2 kernel: IPv6: eth0: IPv6 duplicate address fdb2:2c26:f4e4:0:d5a2:332c:f355:9ca0 detected!
2019-01-09T15:50:45+03:00 client2 kernel: IPv6: eth0: IPv6 duplicate address fdb2:2c26:f4e4:0:d5a2:332c:f355:9ca0 detected!
2019-01-09T15:58:22+03:00 client2 kernel: IPv6: eth0: IPv6 duplicate address fdb2:2c26:f4e4:0:d5a2:332c:f355:9ca0 detected!
2019-01-09T16:06:51+03:00 client2 kernel: IPv6: eth0: IPv6 duplicate address fdb2:2c26:f4e4:0:d5a2:332c:f355:9ca0 detected!
2019-01-09T16:11:34+03:00 client2 kernel: IPv6: eth0: IPv6 duplicate address fdb2:2c26:f4e4:0:d5a2:332c:f355:9ca0 detected!
2019-01-09T16:19:02+03:00 client2 kernel: IPv6: eth0: IPv6 duplicate address fdb2:2c26:f4e4:0:d5a2:332c:f355:9ca0 detected!
